
> reclose:daily
> node scripts/reclose-daily-operation.mjs 2026-07-01 2026-08-11

{"date":"2026-07-01","status":"closed"}
{"date":"2026-07-02","status":"closed"}
{"date":"2026-07-03","status":"closed"}
{"date":"2026-07-04","status":"closed"}
{"date":"2026-07-05","status":"closed"}
{"date":"2026-07-06","status":"closed"}
{"date":"2026-07-07","status":"closed"}
{"date":"2026-07-08","status":"closed"}
{"date":"2026-07-09","status":"closed"}
{"date":"2026-07-10","status":"closed"}
{"date":"2026-07-11","status":"closed"}
{"date":"2026-07-12","status":"closed"}
{"date":"2026-07-13","status":"closed"}
{"date":"2026-07-14","status":"closed"}
{"date":"2026-07-15","status":"closed"}
{"date":"2026-07-16","status":"closed"}
{"date":"2026-07-17","status":"closed"}
{"date":"2026-07-18","status":"closed"}
{"date":"2026-07-19","status":"closed"}
{"date":"2026-07-20","status":"closed"}
{"date":"2026-07-21","status":"closed"}
{"date":"2026-07-22","status":"closed"}
{"date":"2026-07-23","status":"closed"}
{"date":"2026-07-24","status":"closed"}
{"date":"2026-07-25","status":"closed"}
{"date":"2026-07-26","status":"closed"}
{"date":"2026-07-27","status":"closed"}
{"date":"2026-07-28","status":"closed"}
{"date":"2026-07-29","status":"closed"}
{"date":"2026-07-30","status":"closed"}
{"date":"2026-07-31","status":"closed"}
{"date":"2026-08-01","status":"closed"}
{"date":"2026-08-02","status":"closed"}
{"date":"2026-08-03","status":"closed"}
{"date":"2026-08-04","status":"closed"}
{"date":"2026-08-05","status":"closed"}
{"date":"2026-08-06","status":"closed"}
{"date":"2026-08-07","status":"closed"}
{"date":"2026-08-08","status":"closed"}
{"date":"2026-08-09","status":"closed"}
{"date":"2026-08-10","status":"closed"}
{"date":"2026-08-11","status":"closed"}
{
  "ok": true,
  "from": "2026-07-01",
  "to": "2026-08-11",
  "results": [
    {
      "date": "2026-07-01",
      "status": "closed"
    },
    {
      "date": "2026-07-02",
      "status": "closed"
    },
    {
      "date": "2026-07-03",
      "status": "closed"
    },
    {
      "date": "2026-07-04",
      "status": "closed"
    },
    {
      "date": "2026-07-05",
      "status": "closed"
    },
    {
      "date": "2026-07-06",
      "status": "closed"
    },
    {
      "date": "2026-07-07",
      "status": "closed"
    },
    {
      "date": "2026-07-08",
      "status": "closed"
    },
    {
      "date": "2026-07-09",
      "status": "closed"
    },
    {
      "date": "2026-07-10",
      "status": "closed"
    },
    {
      "date": "2026-07-11",
      "status": "closed"
    },
    {
      "date": "2026-07-12",
      "status": "closed"
    },
    {
      "date": "2026-07-13",
      "status": "closed"
    },
    {
      "date": "2026-07-14",
      "status": "closed"
    },
    {
      "date": "2026-07-15",
      "status": "closed"
    },
    {
      "date": "2026-07-16",
      "status": "closed"
    },
    {
      "date": "2026-07-17",
      "status": "closed"
    },
    {
      "date": "2026-07-18",
      "status": "closed"
    },
    {
      "date": "2026-07-19",
      "status": "closed"
    },
    {
      "date": "2026-07-20",
      "status": "closed"
    },
    {
      "date": "2026-07-21",
      "status": "closed"
    },
    {
      "date": "2026-07-22",
      "status": "closed"
    },
    {
      "date": "2026-07-23",
      "status": "closed"
    },
    {
      "date": "2026-07-24",
      "status": "closed"
    },
    {
      "date": "2026-07-25",
      "status": "closed"
    },
    {
      "date": "2026-07-26",
      "status": "closed"
    },
    {
      "date": "2026-07-27",
      "status": "closed"
    },
    {
      "date": "2026-07-28",
      "status": "closed"
    },
    {
      "date": "2026-07-29",
      "status": "closed"
    },
    {
      "date": "2026-07-30",
      "status": "closed"
    },
    {
      "date": "2026-07-31",
      "status": "closed"
    },
    {
      "date": "2026-08-01",
      "status": "closed"
    },
    {
      "date": "2026-08-02",
      "status": "closed"
    },
    {
      "date": "2026-08-03",
      "status": "closed"
    },
    {
      "date": "2026-08-04",
      "status": "closed"
    },
    {
      "date": "2026-08-05",
      "status": "closed"
    },
    {
      "date": "2026-08-06",
      "status": "closed"
    },
    {
      "date": "2026-08-07",
      "status": "closed"
    },
    {
      "date": "2026-08-08",
      "status": "closed"
    },
    {
      "date": "2026-08-09",
      "status": "closed"
    },
    {
      "date": "2026-08-10",
      "status": "closed"
    },
    {
      "date": "2026-08-11",
      "status": "closed"
    }
  ]
}
